
> homework-companion@1.0.0 build
> vite build

vite v5.4.21 building for production...
transforming...
✓ 1389 modules transformed.
[plugin:vite:reporter] [plugin vite:reporter] 
(!) /Users/mac/Documents/New project/homework-harbour/node_modules/firebase/firestore/dist/esm/index.esm.js is dynamically imported by /Users/mac/Documents/New project/homework-harbour/src/components/Chat.jsx but also statically imported by /Users/mac/Documents/New project/homework-harbour/src/lib/chatService.js, /Users/mac/Documents/New project/homework-harbour/src/lib/firebase.js, /Users/mac/Documents/New project/homework-harbour/src/lib/platformData.js, dynamic import will not move module into another chunk.

[plugin:vite:reporter] [plugin vite:reporter] 
(!) /Users/mac/Documents/New project/homework-harbour/src/lib/firebase.js is dynamically imported by /Users/mac/Documents/New project/homework-harbour/src/components/Chat.jsx but also statically imported by /Users/mac/Documents/New project/homework-harbour/src/App.jsx, /Users/mac/Documents/New project/homework-harbour/src/lib/chatService.js, /Users/mac/Documents/New project/homework-harbour/src/lib/platformData.js, dynamic import will not move module into another chunk.

[plugin:vite:reporter] [plugin vite:reporter] 
(!) /Users/mac/Documents/New project/homework-harbour/src/lib/chatService.js is dynamically imported by /Users/mac/Documents/New project/homework-harbour/src/App.jsx but also statically imported by /Users/mac/Documents/New project/homework-harbour/src/components/Chat.jsx, dynamic import will not move module into another chunk.

rendering chunks...
computing gzip size...
dist/index.html                     1.36 kB │ gzip:   0.63 kB
dist/assets/index-C41rKaES.css     43.69 kB │ gzip:   7.41 kB
dist/assets/index-Bdhgx8lK.js   1,007.37 kB │ gzip: 245.38 kB

(!) Some chunks are larger than 500 kB after minification. Consider:
- Using dynamic import() to code-split the application
- Use build.rollupOptions.output.manualChunks to improve chunking: https://rollupjs.org/configuration-options/#output-manualchunks
- Adjust chunk size limit for this warning via build.chunkSizeWarningLimit.
✓ built in 33m 37s
